// Jest Snapshot v1, https://goo.gl/fbAQLP

exports[`Form should match snapshot as expected 1`] = `
<form>
  <input
    name="name"
    onChange={[Function]}
    placeholder="Name"
    type="text"
    value=""
  />
  <input
    name="date"
    onChange={[Function]}
    placeholder="Date (mm/dd)"
    type="text"
    value=""
  />
  <input
    name="time"
    onChange={[Function]}
    placeholder="Time"
    type="text"
    value=""
  />
  <input
    name="number"
    onChange={[Function]}
    placeholder="Number of Guests"
    type="text"
    value=""
  />
  <button
    className="reserve-button"
    onClick={[Function]}
  >
    Make Reservation
  </button>
  <br />
  <button
    className="sort-button"
    onClick={[Function]}
  >
    Sort by Date
  </button>
</form>
`;
